Total records: 285
Short abstracts (<250 chars): 74
  Processing 1/74 (enriched: 0)...
    Rate limited, waiting 2s...
    Rate limited, waiting 2s...
    Rate limited, waiting 4s...
    Rate limited, waiting 8s...
    Rate limited, waiting 2s...
    Rate limited, waiting 4s...
    Rate limited, waiting 8s...
    Rate limited, waiting 2s...
    Rate limited, waiting 4s...
    Rate limited, waiting 2s...
    Rate limited, waiting 2s...
    Rate limited, waiting 4s...
    Rate limited, waiting 2s...
    Rate limited, waiting 4s...
    Rate limited, waiting 2s...
    Rate limited, waiting 4s...
    Rate limited, waiting 8s...
    Rate limited, waiting 2s...
    Rate limited, waiting 4s...
    Rate limited, waiting 2s...
    Rate limited, waiting 2s...
    Rate limited, waiting 4s...
    Rate limited, waiting 2s...
    Rate limited, waiting 2s...
    Rate limited, waiting 4s...
    Rate limited, waiting 8s...
    Rate limited, waiting 2s...
    Rate limited, waiting 4s...
    Rate limited, waiting 8s...
    Rate limited, waiting 2s...
    Rate limited, waiting 2s...
    Rate limited, waiting 2s...
    Rate limited, waiting 2s...
    Rate limited, waiting 4s...
    Rate limited, waiting 8s...
    Rate limited, waiting 2s...
    Rate limited, waiting 2s...
  Processing 51/74 (enriched: 36)...
    Rate limited, waiting 2s...
    Rate limited, waiting 2s...
    Rate limited, waiting 2s...

============================================================
SHORT ABSTRACT ENRICHMENT RESULTS
============================================================
  Processed:     74
  Enriched:      48 (64.9%)
    S2 (DOI):    28
    OpenAlex DOI:11
    CrossRef DOI:9
    CrossRef tit:0
    PubMed:      0
    S2 (title):  0
  Not found:     26
  HTML stripped:  11 records
  Saved: /Users/bogdan.didenko/lpnu/review/data/living_catalog_updates/update_2026-08-09/03_abstracts/short_abstracts_enriched.json
  Log: /Users/bogdan.didenko/lpnu/review/data/living_catalog_updates/update_2026-08-09/03_abstracts/short_enrichment_log.json

Done.
