Total records: 285
Missing abstracts: 12

  Processing 1/12 (enriched so far: 0)...
    Rate limited, waiting 2s...
    Rate limited, waiting 4s...
    Rate limited, waiting 8s...
    Rate limited, waiting 2s...
    Rate limited, waiting 4s...
    Rate limited, waiting 8s...
    Rate limited, waiting 2s...
    Rate limited, waiting 4s...
    Rate limited, waiting 2s...
    Rate limited, waiting 4s...
    Rate limited, waiting 8s...
    Rate limited, waiting 2s...
    Rate limited, waiting 4s...
    Rate limited, waiting 2s...

============================================================
ENRICHMENT — STEP 1: API FETCH
============================================================
  Records processed:   12
  Abstracts found:     9 (75.0%)
    via S2 (DOI):      2
    via CrossRef:      4
    via PubMed:        3
    via S2 (title):    0

============================================================
ENRICHMENT — STEP 2: EXCLUDE RECORDS WITHOUT ABSTRACT
============================================================
  Records without abstract after enrichment: 3
  Excluded: 3 records → /Users/bogdan.didenko/lpnu/review/data/living_catalog_updates/update_2026-08-09/03_abstracts/excluded_no_abstract_initial.json
  Updated:  282 records → /Users/bogdan.didenko/lpnu/review/data/living_catalog_updates/update_2026-08-09/03_abstracts/missing_abstracts_enriched.json

============================================================
FINAL SUMMARY
============================================================
  Total after dedup:         285
  Missing before enrichment: 12
  Enriched via API:          9
  Excluded (no abstract):    3
  Records for screening:     282

  Saved: /Users/bogdan.didenko/lpnu/review/data/living_catalog_updates/update_2026-08-09/03_abstracts/missing_enrichment_log.json

Done.
