============================================================
DEDUPLICATION OF SYSTEMATIC REVIEW SEARCH RESULTS
Date: 2026-08-10 12:09:49
Exports dir: /Users/bogdan.didenko/lpnu/review/data/living_catalog_updates/update_2026-08-09/00_search/exports
Search date: 2026-08-09
Strategy: Conservative (exact matching only, no fuzzy)
============================================================
  pubmed                   :    27 records loaded
  scopus                   :    16 records loaded
  openalex                 :   100 records loaded
  semantic_scholar         :   183 records loaded
  arxiv                    :    14 records loaded
  biorxiv_medrxiv          :    20 records loaded
  springernature           :    27 records loaded
  google_scholar           :   714 records loaded
  TOTAL                    :  1101 records

DEDUPLICATION RESULTS
============================================================
  Records before dedup : 1,101
  Unique records       : 957
  Duplicates removed   : 144 (13.1%)

  Merge reasons:
    DOI match                :   103
    Exact title match        :    33
    arXiv ID match           :     8

  Preprint→published links: 0

  Records found by N databases:
    1 database(s):   856 records
    2 database(s):    70 records
    3 database(s):    22 records
    4 database(s):     7 records
    5 database(s):     2 records

  Cross-database overlap (records found in both):
    openalex ∩ semantic_scholar: 52
    google_scholar ∩ semantic_scholar: 24
    openalex ∩ springernature: 19
    semantic_scholar ∩ springernature: 16
    openalex ∩ pubmed: 15
    pubmed ∩ semantic_scholar: 12
    arxiv ∩ semantic_scholar: 8
    google_scholar ∩ openalex: 7
    biorxiv_medrxiv ∩ semantic_scholar: 7
    pubmed ∩ springernature: 6

  Saved: /Users/bogdan.didenko/lpnu/review/data/living_catalog_updates/update_2026-08-09/01_dedup/deduplicated_records.json
  Saved: /Users/bogdan.didenko/lpnu/review/data/living_catalog_updates/update_2026-08-09/01_dedup/deduplication_log.csv
  Saved: /Users/bogdan.didenko/lpnu/review/data/living_catalog_updates/update_2026-08-09/01_dedup/deduplication_stats.json
  Saved: /Users/bogdan.didenko/lpnu/review/data/living_catalog_updates/update_2026-08-09/01_dedup/deduplication_review_queue.json

Done.
