[12:07:41] Review: Generative Foundation Models Bridging Text and Biological Data: A Scoping Review
[12:07:41] Date range: 2026-07-07 to 2026-08-09
[12:07:41] Output directory: /Users/bogdan.didenko/lpnu/review/data/living_catalog_updates/update_2026-08-09/00_search/exports
[12:07:41] 
[12:07:41] 
============================================================
[12:07:41] PubMed: Starting search...
[12:07:42]   PubMed: 27 results found
[12:07:42]   Fetching 1-27 of 27...
[12:07:43]   PubMed: 27 records retrieved
[12:07:43]   Saved /Users/bogdan.didenko/lpnu/review/data/living_catalog_updates/update_2026-08-09/00_search/exports/pubmed_2026-08-09.json
[12:07:43] 
============================================================
[12:07:43] Scopus: Starting search...
[12:07:44]   Scopus: 501 results found
[12:07:44]   Fetched 25 of 501...
[12:07:46]   Fetched 50 of 501...
[12:07:47]   Fetched 75 of 501...
[12:07:48]   Fetched 100 of 501...
[12:07:49]   Fetched 125 of 501...
[12:07:50]   Fetched 150 of 501...
[12:07:51]   Fetched 175 of 501...
[12:07:52]   Fetched 200 of 501...
[12:07:54]   Fetched 225 of 501...
[12:07:55]   Fetched 250 of 501...
[12:07:56]   Fetched 275 of 501...
[12:07:57]   Fetched 300 of 501...
[12:07:58]   Fetched 325 of 501...
[12:07:59]   Fetched 350 of 501...
[12:08:00]   Fetched 375 of 501...
[12:08:01]   Fetched 400 of 501...
[12:08:03]   Fetched 425 of 501...
[12:08:04]   Fetched 450 of 501...
[12:08:05]   Fetched 475 of 501...
[12:08:06]   Fetched 500 of 501...
[12:08:07]   Scopus: 501 retrieved, 16 after date filter (2026-07-07 to 2026-08-09)
[12:08:07]   Saved /Users/bogdan.didenko/lpnu/review/data/living_catalog_updates/update_2026-08-09/00_search/exports/scopus_2026-08-09.json
[12:08:07] 
============================================================
[12:08:07] OpenAlex: Starting search...
[12:08:11]   OpenAlex query 'main': 100 results
[12:08:12]   OpenAlex query 'model_names': 0 results
[12:08:12]   OpenAlex: 100 unique records retrieved
[12:08:12]   Saved raw records: /Users/bogdan.didenko/lpnu/review/data/living_catalog_updates/update_2026-08-09/00_search/exports/openalex_raw_2026-08-09.json
[12:08:12]   Saved /Users/bogdan.didenko/lpnu/review/data/living_catalog_updates/update_2026-08-09/00_search/exports/openalex_2026-08-09.json
[12:08:12] 
============================================================
[12:08:12] Semantic Scholar: Starting search...
[12:08:12]   S2: 1097 total unique, 183 after date filter (2026-07-07 to 2026-08-09)
[12:08:12]   Saved /Users/bogdan.didenko/lpnu/review/data/living_catalog_updates/update_2026-08-09/00_search/exports/semantic_scholar_2026-08-09.json
[12:08:12] 
============================================================
[12:08:12] arXiv: Starting search...
[12:08:12]   arXiv query 'primary': searching...
[12:08:12]     'primary': 14 new records
[12:08:12]   arXiv query 'cell_language': searching...
[12:08:12]     'cell_language': 0 new records
[12:08:12]   arXiv query 'model_names': searching...
[12:08:13]     'model_names': 0 new records
[12:08:13]   arXiv query 'bio_llm': searching...
[12:08:13]     'bio_llm': 0 new records
[12:08:13]   arXiv: 14 total unique records
[12:08:13]   Saved /Users/bogdan.didenko/lpnu/review/data/living_catalog_updates/update_2026-08-09/00_search/exports/arxiv_2026-08-09.json
[12:08:13] 
============================================================
[12:08:13] bioRxiv/medRxiv (EuropePMC): Starting search...
[12:08:14]   bioRxiv/medRxiv: 20 records retrieved
[12:08:14]   Saved /Users/bogdan.didenko/lpnu/review/data/living_catalog_updates/update_2026-08-09/00_search/exports/biorxiv_medrxiv_2026-08-09.json
[12:08:14] 
============================================================
[12:08:14] SpringerNature: Starting search...
[12:08:14]   SpringerNature Meta API: searching...
[12:08:15]     Total in API: 691
[12:08:58]   Meta API: 691 records retrieved
[12:08:58]   SpringerNature OA API: searching...
[12:09:00]     Total in API: 327
[12:09:20]   OA API: 327 records (0 new after dedup)
[12:09:20]   SpringerNature: 691 raw -> 27 after title/abstract validation
[12:09:20]   Saved raw records: /Users/bogdan.didenko/lpnu/review/data/living_catalog_updates/update_2026-08-09/00_search/exports/springernature_raw_2026-08-09.json
[12:09:20]   Saved /Users/bogdan.didenko/lpnu/review/data/living_catalog_updates/update_2026-08-09/00_search/exports/springernature_2026-08-09.json
[12:09:20] 
============================================================
[12:09:20]   Saved /Users/bogdan.didenko/lpnu/review/data/living_catalog_updates/update_2026-08-09/00_search/exports/google_scholar_2026-08-09.json
[12:09:20] 
============================================================
[12:09:20] SEARCH SUMMARY
[12:09:20] ============================================================
[12:09:20]   pubmed                   :     27 records
[12:09:20]   scopus                   :     16 records
[12:09:20]   openalex                 :    100 records
[12:09:20]   semantic_scholar         :    183 records
[12:09:20]   arxiv                    :     14 records
[12:09:20]   biorxiv_medrxiv          :     20 records
[12:09:20]   springernature           :     27 records
[12:09:20]   google_scholar           :    714 records
[12:09:20]   TOTAL (before dedup)     :   1101 records
[12:09:20] 
Summary saved: /Users/bogdan.didenko/lpnu/review/data/living_catalog_updates/update_2026-08-09/00_search/exports/search_summary_2026-08-09.json
[12:09:20] Done.
