[13:50:06] Review: Generative Foundation Models Bridging Text and Biological Data: A Scoping Review
[13:50:06] Date range: 2026-07-07 to 2026-08-09
[13:50:06] Output directory: /Users/bogdan.didenko/lpnu/review/data/living_catalog_updates/update_2026-08-09/00_search/exports
[13:50:06] 
[13:50:06] 
============================================================
[13:50:06] PubMed: Starting search...
[13:50:07]   PubMed: 27 results found
[13:50:07]   Fetching 1-27 of 27...
[13:50:08]   PubMed: 27 records retrieved
[13:50:08]   Saved /Users/bogdan.didenko/lpnu/review/data/living_catalog_updates/update_2026-08-09/00_search/exports/pubmed_2026-08-09.json
[13:50:08] 
============================================================
[13:50:08] Scopus: Starting search...
[13:50:10]   Scopus: 501 results found
[13:50:10]   Fetched 25 of 501...
[13:50:11]   Fetched 50 of 501...
[13:50:12]   Fetched 75 of 501...
[13:50:13]   Fetched 100 of 501...
[13:50:15]   Fetched 125 of 501...
[13:50:16]   Fetched 150 of 501...
[13:50:17]   Fetched 175 of 501...
[13:50:18]   Fetched 200 of 501...
[13:50:20]   Fetched 225 of 501...
[13:50:21]   Fetched 250 of 501...
[13:50:22]   Fetched 275 of 501...
[13:50:23]   Fetched 300 of 501...
[13:50:24]   Fetched 325 of 501...
[13:50:26]   Fetched 350 of 501...
[13:50:27]   Fetched 375 of 501...
[13:50:28]   Fetched 400 of 501...
[13:50:29]   Fetched 425 of 501...
[13:50:30]   Fetched 450 of 501...
[13:50:32]   Fetched 475 of 501...
[13:50:33]   Fetched 500 of 501...
[13:50:34]   Scopus: 501 retrieved, 16 after date filter (2026-07-07 to 2026-08-09)
[13:50:34]   Saved /Users/bogdan.didenko/lpnu/review/data/living_catalog_updates/update_2026-08-09/00_search/exports/scopus_2026-08-09.json
[13:50:34] 
============================================================
[13:50:34] OpenAlex: Starting search...
[13:50:36]   OpenAlex query 'main': 100 results
[13:50:37]   OpenAlex query 'model_names': 0 results
[13:50:37]   OpenAlex: 100 unique records retrieved
[13:50:37]   Saved raw records: /Users/bogdan.didenko/lpnu/review/data/living_catalog_updates/update_2026-08-09/00_search/exports/openalex_raw_2026-08-09.json
[13:50:37]   Saved /Users/bogdan.didenko/lpnu/review/data/living_catalog_updates/update_2026-08-09/00_search/exports/openalex_2026-08-09.json
[13:50:37] 
============================================================
[13:50:37] Semantic Scholar: Starting search...
[13:50:37]   S2: 1097 total unique, 183 after date filter (2026-07-07 to 2026-08-09)
[13:50:37]   Saved /Users/bogdan.didenko/lpnu/review/data/living_catalog_updates/update_2026-08-09/00_search/exports/semantic_scholar_2026-08-09.json
[13:50:37] 
============================================================
[13:50:37] arXiv: Starting search...
[13:50:37]   arXiv query 'primary': searching...
[13:50:39]     'primary': 14 new records
[13:50:39]   arXiv query 'cell_language': searching...
[13:50:40]     'cell_language': 0 new records
[13:50:40]   arXiv query 'model_names': searching...
[13:50:40]     'model_names': 0 new records
[13:50:40]   arXiv query 'bio_llm': searching...
[13:50:41]     'bio_llm': 0 new records
[13:50:41]   arXiv: 14 total unique records
[13:50:41]   Saved /Users/bogdan.didenko/lpnu/review/data/living_catalog_updates/update_2026-08-09/00_search/exports/arxiv_2026-08-09.json
[13:50:41] 
============================================================
[13:50:41] bioRxiv/medRxiv (EuropePMC): Starting search...
[13:50:42]   bioRxiv/medRxiv: 20 records retrieved
[13:50:42]   Saved /Users/bogdan.didenko/lpnu/review/data/living_catalog_updates/update_2026-08-09/00_search/exports/biorxiv_medrxiv_2026-08-09.json
[13:50:42] 
============================================================
[13:50:42] SpringerNature: Starting search...
[13:50:42]   SpringerNature Meta API: searching...
[13:50:43]     Total in API: 691
[13:51:26]   Meta API: 691 records retrieved
[13:51:26]   SpringerNature OA API: searching...
[13:51:27]     Total in API: 327
[13:51:47]   OA API: 327 records (0 new after dedup)
[13:51:47]   SpringerNature: 691 raw -> 27 after title/abstract validation
[13:51:47]   Saved raw records: /Users/bogdan.didenko/lpnu/review/data/living_catalog_updates/update_2026-08-09/00_search/exports/springernature_raw_2026-08-09.json
[13:51:47]   Saved /Users/bogdan.didenko/lpnu/review/data/living_catalog_updates/update_2026-08-09/00_search/exports/springernature_2026-08-09.json
[13:51:47] 
============================================================
[13:51:47]   Saved /Users/bogdan.didenko/lpnu/review/data/living_catalog_updates/update_2026-08-09/00_search/exports/google_scholar_2026-08-09.json
[13:51:47] 
============================================================
[13:51:47] SEARCH SUMMARY
[13:51:47] ============================================================
[13:51:47]   pubmed                   :     27 records
[13:51:47]   scopus                   :     16 records
[13:51:47]   openalex                 :    100 records
[13:51:47]   semantic_scholar         :    183 records
[13:51:47]   arxiv                    :     14 records
[13:51:47]   biorxiv_medrxiv          :     20 records
[13:51:47]   springernature           :     27 records
[13:51:47]   google_scholar           :    252 records
[13:51:47]   TOTAL (before dedup)     :    639 records
[13:51:47] 
Summary saved: /Users/bogdan.didenko/lpnu/review/data/living_catalog_updates/update_2026-08-09/00_search/exports/search_summary_2026-08-09.json
[13:51:47] Done.
