[02:07:56] Review: Generative Foundation Models Bridging Text and Biological Data: A Scoping Review
[02:07:56] Date range: 2026-07-07 to 2026-08-09
[02:07:56] Output directory: /Users/bogdan.didenko/lpnu/review/data/living_catalog_updates/update_2026-08-09/00_search/exports
[02:07:56] 
[02:07:56] 
============================================================
[02:07:56] PubMed: Starting search...
[02:07:58]   PubMed: 27 results found
[02:07:58]   Fetching 1-27 of 27...
[02:07:59]   PubMed: 27 records retrieved
[02:07:59]   Saved /Users/bogdan.didenko/lpnu/review/data/living_catalog_updates/update_2026-08-09/00_search/exports/pubmed_2026-08-09.json
[02:07:59] 
============================================================
[02:07:59] Scopus: Starting search...
[02:07:59]   WARNING: No Scopus API key provided. Skipping.
[02:07:59]   scopus: Skipped (missing API key or error)
[02:07:59] 
============================================================
[02:07:59] Semantic Scholar: Starting search...
[02:07:59]   S2 query 'main': searching...
[02:07:59]     S2 rate limited; retrying after 60s (attempt 1).
[02:09:00]     S2 rate limited; retrying after 120s (attempt 2).
[02:11:04]     'main': 2 page(s) complete
[02:11:04]   S2 query 'model_names': searching...
[02:11:04]     'model_names': 1 page(s) complete
[02:11:04]   S2: 1097 total unique, 183 after date filter (2026-07-07 to 2026-08-09)
[02:11:05]   Saved /Users/bogdan.didenko/lpnu/review/data/living_catalog_updates/update_2026-08-09/00_search/exports/semantic_scholar_2026-08-09.json
[02:11:05] 
============================================================
[02:11:05] arXiv: Starting search...
[02:11:05]   arXiv query 'primary': searching...
[02:11:07]     'primary': 14 new records
[02:11:07]   arXiv query 'cell_language': searching...
[02:11:07]     'cell_language': 0 new records
[02:11:07]   arXiv query 'model_names': searching...
[02:11:08]     'model_names': 0 new records
[02:11:08]   arXiv query 'bio_llm': searching...
[02:11:08]     'bio_llm': 0 new records
[02:11:08]   arXiv: 14 total unique records
[02:11:08]   Saved /Users/bogdan.didenko/lpnu/review/data/living_catalog_updates/update_2026-08-09/00_search/exports/arxiv_2026-08-09.json
[02:11:08] 
============================================================
[02:11:08] bioRxiv/medRxiv (EuropePMC): Starting search...
[02:11:10]   bioRxiv/medRxiv: 20 records retrieved
[02:11:10]   Saved /Users/bogdan.didenko/lpnu/review/data/living_catalog_updates/update_2026-08-09/00_search/exports/biorxiv_medrxiv_2026-08-09.json
[02:11:10] 
============================================================
[02:11:10] SpringerNature: Starting search...
[02:11:10]   WARNING: No SpringerNature Meta API key. Skipping Meta API.
[02:11:10]   WARNING: No SpringerNature OA API key. Skipping OA API.
[02:11:10]   SpringerNature: 0 raw -> 0 after title/abstract validation
[02:11:10]   Saved raw records: /Users/bogdan.didenko/lpnu/review/data/living_catalog_updates/update_2026-08-09/00_search/exports/springernature_raw_2026-08-09.json
[02:11:10]   Saved /Users/bogdan.didenko/lpnu/review/data/living_catalog_updates/update_2026-08-09/00_search/exports/springernature_2026-08-09.json
[02:11:10] 
============================================================
[02:11:10]   Saved /Users/bogdan.didenko/lpnu/review/data/living_catalog_updates/update_2026-08-09/00_search/exports/google_scholar_2026-08-09.json
[02:11:10] 
============================================================
[02:11:10] SEARCH SUMMARY
[02:11:10] ============================================================
[02:11:10]   pubmed                   :     27 records
[02:11:10]   scopus                   :      0 records
[02:11:10]   semantic_scholar         :    183 records
[02:11:10]   arxiv                    :     14 records
[02:11:10]   biorxiv_medrxiv          :     20 records
[02:11:10]   springernature           :      0 records
[02:11:10]   google_scholar           :      0 records
[02:11:10]   TOTAL (before dedup)     :    244 records
[02:11:10] 
Summary saved: /Users/bogdan.didenko/lpnu/review/data/living_catalog_updates/update_2026-08-09/00_search/exports/search_summary_2026-08-09.json
[02:11:10] INCOMPLETE databases: scopus, springernature, google_scholar
