Total records: 285
Missing abstracts: 12

  Processing 1/12 (enriched so far: 0)...
    Rate limited, waiting 2s...
    Rate limited, waiting 4s...
    Rate limited, waiting 8s...
    Rate limited, waiting 2s...
    Rate limited, waiting 4s...
    Rate limited, waiting 2s...
    Rate limited, waiting 4s...
    Rate limited, waiting 8s...
    Rate limited, waiting 2s...
    Rate limited, waiting 4s...
    Rate limited, waiting 8s...
    Rate limited, waiting 2s...

============================================================
ENRICHMENT — STEP 1: API FETCH
============================================================
  Records processed:   12
  Abstracts found:     12 (100.0%)
    via S2 (DOI):      4
    via OpenAlex DOI:  5
    via CrossRef:      0
    via PubMed:        3
    via S2 (title):    0

============================================================
ENRICHMENT — STEP 2: EXCLUDE RECORDS WITHOUT ABSTRACT
============================================================
  Records without abstract after enrichment: 0
  Updated:  285 records → /Users/bogdan.didenko/lpnu/review/data/living_catalog_updates/update_2026-08-09/03_abstracts/missing_abstracts_enriched.json

============================================================
FINAL SUMMARY
============================================================
  Total after dedup:         285
  Missing before enrichment: 12
  Enriched via API:          12
  Excluded (no abstract):    0
  Records for screening:     285

  Saved: /Users/bogdan.didenko/lpnu/review/data/living_catalog_updates/update_2026-08-09/03_abstracts/missing_enrichment_log.json

Done.
