Both generic_prompt and prompt_path provided. Using generic_prompt.
Both generic_prompt and prompt_path provided. Using generic_prompt.
Both generic_prompt and prompt_path provided. Using generic_prompt.
Streaming pipeline completed 1/215 records
Streaming pipeline completed 2/215 records
Streaming pipeline completed 3/215 records
Streaming pipeline completed 4/215 records
Streaming pipeline completed 5/215 records
Streaming pipeline completed 6/215 records
Streaming pipeline completed 7/215 records
Streaming pipeline completed 8/215 records
Streaming pipeline completed 9/215 records
Streaming pipeline completed 10/215 records
Streaming pipeline completed 11/215 records
Streaming pipeline completed 12/215 records
Streaming pipeline completed 13/215 records
Streaming pipeline completed 14/215 records
Streaming pipeline completed 15/215 records
Streaming pipeline completed 16/215 records
Streaming pipeline completed 17/215 records
Streaming pipeline completed 18/215 records
Streaming pipeline completed 19/215 records
Streaming pipeline completed 20/215 records
Streaming pipeline completed 21/215 records
Streaming pipeline completed 22/215 records
Streaming pipeline completed 23/215 records
Streaming pipeline completed 24/215 records
Streaming pipeline completed 25/215 records
Streaming pipeline completed 26/215 records
Streaming pipeline completed 27/215 records
Streaming pipeline completed 28/215 records
Streaming pipeline completed 29/215 records
Streaming pipeline completed 30/215 records
Streaming pipeline completed 31/215 records
Streaming pipeline completed 32/215 records
Streaming pipeline completed 33/215 records
Streaming pipeline completed 34/215 records
Streaming pipeline completed 35/215 records
Streaming pipeline completed 36/215 records
Streaming pipeline completed 37/215 records
Streaming pipeline completed 38/215 records
Streaming pipeline completed 39/215 records
Streaming pipeline completed 40/215 records
Streaming pipeline completed 41/215 records
Streaming pipeline completed 42/215 records
Streaming pipeline completed 43/215 records
Streaming pipeline completed 44/215 records
Streaming pipeline completed 45/215 records
Streaming pipeline completed 46/215 records
Streaming pipeline completed 47/215 records
Streaming pipeline completed 48/215 records
Streaming pipeline completed 49/215 records
Streaming pipeline completed 50/215 records
Streaming pipeline completed 51/215 records
Streaming pipeline completed 52/215 records
Streaming pipeline completed 53/215 records
Streaming pipeline completed 54/215 records
Streaming pipeline completed 55/215 records
Streaming pipeline completed 56/215 records
Streaming pipeline completed 57/215 records
Streaming pipeline completed 58/215 records
Streaming pipeline completed 59/215 records
Streaming pipeline completed 60/215 records
Streaming pipeline completed 61/215 records
Streaming pipeline completed 62/215 records
Streaming pipeline completed 63/215 records
Streaming pipeline completed 64/215 records
Streaming pipeline completed 65/215 records
Streaming pipeline completed 66/215 records
Streaming pipeline completed 67/215 records
Streaming pipeline completed 68/215 records
Streaming pipeline completed 69/215 records
Streaming pipeline completed 70/215 records
Streaming pipeline completed 71/215 records
Streaming pipeline completed 72/215 records
Streaming pipeline completed 73/215 records
Streaming pipeline completed 74/215 records
Streaming pipeline completed 75/215 records
Streaming pipeline completed 76/215 records
Streaming pipeline completed 77/215 records
Streaming pipeline completed 78/215 records
Streaming pipeline completed 79/215 records
Streaming pipeline completed 80/215 records
Streaming pipeline completed 81/215 records
Streaming pipeline completed 82/215 records
Streaming pipeline completed 83/215 records
Streaming pipeline completed 84/215 records
Streaming pipeline completed 85/215 records
Streaming pipeline completed 86/215 records
Streaming pipeline completed 87/215 records
Streaming pipeline completed 88/215 records
Streaming pipeline completed 89/215 records
Streaming pipeline completed 90/215 records
Streaming pipeline completed 91/215 records
Streaming pipeline completed 92/215 records
Streaming pipeline completed 93/215 records
Streaming pipeline completed 94/215 records
Streaming pipeline completed 95/215 records
Streaming pipeline completed 96/215 records
Streaming pipeline completed 97/215 records
Streaming pipeline completed 98/215 records
Streaming pipeline completed 99/215 records
Streaming pipeline completed 100/215 records
Streaming pipeline completed 101/215 records
Streaming pipeline completed 102/215 records
Streaming pipeline completed 103/215 records
Streaming pipeline completed 104/215 records
Streaming pipeline completed 105/215 records
Streaming pipeline completed 106/215 records
Streaming pipeline completed 107/215 records
Streaming pipeline completed 108/215 records
Streaming pipeline completed 109/215 records
Streaming pipeline completed 110/215 records
Streaming pipeline completed 111/215 records
Streaming pipeline completed 112/215 records
Streaming pipeline completed 113/215 records
Streaming pipeline completed 114/215 records
Streaming pipeline completed 115/215 records
Streaming pipeline completed 116/215 records
Streaming pipeline completed 117/215 records
Streaming pipeline completed 118/215 records
Streaming pipeline completed 119/215 records
Streaming pipeline completed 120/215 records
Streaming pipeline completed 121/215 records
Streaming pipeline completed 122/215 records
Streaming pipeline completed 123/215 records
Streaming pipeline completed 124/215 records
Streaming pipeline completed 125/215 records
Streaming pipeline completed 126/215 records
Streaming pipeline completed 127/215 records
Streaming pipeline completed 128/215 records
Streaming pipeline completed 129/215 records
Streaming pipeline completed 130/215 records
Streaming pipeline completed 131/215 records
Streaming pipeline completed 132/215 records
Streaming pipeline completed 133/215 records
Streaming pipeline completed 134/215 records
Streaming pipeline completed 135/215 records
Streaming pipeline completed 136/215 records
Streaming pipeline completed 137/215 records
Streaming pipeline completed 138/215 records
Streaming pipeline completed 139/215 records
Streaming pipeline completed 140/215 records
Streaming pipeline completed 141/215 records
Streaming pipeline completed 142/215 records
Streaming pipeline completed 143/215 records
Streaming pipeline completed 144/215 records
Streaming pipeline completed 145/215 records
Streaming pipeline completed 146/215 records
Streaming pipeline completed 147/215 records
Streaming pipeline completed 148/215 records
Streaming pipeline completed 149/215 records
Streaming pipeline completed 150/215 records
Streaming pipeline completed 151/215 records
Streaming pipeline completed 152/215 records
Streaming pipeline completed 153/215 records
Streaming pipeline completed 154/215 records
Streaming pipeline completed 155/215 records
Streaming pipeline completed 156/215 records
Streaming pipeline completed 157/215 records
Streaming pipeline completed 158/215 records
Streaming pipeline completed 159/215 records
Streaming pipeline completed 160/215 records
Streaming pipeline completed 161/215 records
Streaming pipeline completed 162/215 records
Streaming pipeline completed 163/215 records
Streaming pipeline completed 164/215 records
Streaming pipeline completed 165/215 records
Streaming pipeline completed 166/215 records
Streaming pipeline completed 167/215 records
Streaming pipeline completed 168/215 records
Streaming pipeline completed 169/215 records
Streaming pipeline completed 170/215 records
Streaming pipeline completed 171/215 records
Streaming pipeline completed 172/215 records
Streaming pipeline completed 173/215 records
Streaming pipeline completed 174/215 records
Streaming pipeline completed 175/215 records
Streaming pipeline completed 176/215 records
Streaming pipeline completed 177/215 records
Streaming pipeline completed 178/215 records
Streaming pipeline completed 179/215 records
Streaming pipeline completed 180/215 records
Streaming pipeline completed 181/215 records
Streaming pipeline completed 182/215 records
Streaming pipeline completed 183/215 records
Streaming pipeline completed 184/215 records
Streaming pipeline completed 185/215 records
Streaming pipeline completed 186/215 records
Streaming pipeline completed 187/215 records
Streaming pipeline completed 188/215 records
Streaming pipeline completed 189/215 records
Streaming pipeline completed 190/215 records
Streaming pipeline completed 191/215 records
Streaming pipeline completed 192/215 records
Streaming pipeline completed 193/215 records
Streaming pipeline completed 194/215 records
Streaming pipeline completed 195/215 records
Streaming pipeline completed 196/215 records
Streaming pipeline completed 197/215 records
Streaming pipeline completed 198/215 records
Streaming pipeline completed 199/215 records
Streaming pipeline completed 200/215 records
Streaming pipeline completed 201/215 records
Streaming pipeline completed 202/215 records
Streaming pipeline completed 203/215 records
Streaming pipeline completed 204/215 records
Streaming pipeline completed 205/215 records
Streaming pipeline completed 206/215 records
Streaming pipeline completed 207/215 records
Streaming pipeline completed 208/215 records
Streaming pipeline completed 209/215 records
Streaming pipeline completed 210/215 records
Streaming pipeline completed 211/215 records
Streaming pipeline completed 212/215 records
Streaming pipeline completed 213/215 records
Streaming pipeline completed 214/215 records
Streaming pipeline completed 215/215 records
Completed guideline-aligned LatteReview pilot for 215 records
Results CSV: /valhalla/projects/ehpc-aif-2026pg01-346/review/text-bio-fundational-models-review/runs/nemotron3_super_120b_fp8_review_pipeline_all4027_current_watchdog_20260511T1116Z/job_11583/guideline_pilot_results.csv
Summary JSON: /valhalla/projects/ehpc-aif-2026pg01-346/review/text-bio-fundational-models-review/runs/nemotron3_super_120b_fp8_review_pipeline_all4027_current_watchdog_20260511T1116Z/job_11583/guideline_pilot_summary.json
{
  "run_started_at_utc": "2026-05-11T19:20:38Z",
  "model": "nemotron3-super-120b-a12b-fp8",
  "base_url": "http://127.0.0.1:8000/v1",
  "prompt_dir": "/valhalla/projects/ehpc-aif-2026pg01-346/review/text-bio-fundational-models-review/protocol/screening_prompt_templates",
  "input_csv": "/valhalla/projects/ehpc-aif-2026pg01-346/review/text-bio-fundational-models-review/runs/nemotron3_super_120b_fp8_review_pipeline_all4027_current_watchdog_20260511T1116Z/job_11583/remaining_input.csv",
  "results_csv": "/valhalla/projects/ehpc-aif-2026pg01-346/review/text-bio-fundational-models-review/runs/nemotron3_super_120b_fp8_review_pipeline_all4027_current_watchdog_20260511T1116Z/job_11583/guideline_pilot_results.csv",
  "num_records": 215,
  "max_concurrent": 48,
  "max_records": 0,
  "max_tokens": 16000,
  "enable_thinking": false,
  "reasoning_effort": null,
  "pipeline_mode": "streaming",
  "elapsed_seconds": 744.53,
  "decision_counts": {
    "EXCLUDE": 151,
    "UNCERTAIN": 60,
    "INCLUDE": 4
  },
  "roundA_gate_pattern_counts": {
    "EXCLUDE|EXCLUDE": 106,
    "UNCERTAIN|UNCERTAIN": 40,
    "EXCLUDE|UNCERTAIN": 28,
    "UNCERTAIN|EXCLUDE": 17,
    "PASS|EXCLUDE": 8,
    "PASS|UNCERTAIN": 8,
    "UNCERTAIN|PASS": 4,
    "PASS|PASS": 3,
    "EXCLUDE|PASS": 1
  },
  "adjudication_count": 116,
  "manual_review_count": 60
}
